#0 building with "desktop-linux" instance using docker driver

#1 [internal] load build definition from Dockerfile
#1 transferring dockerfile: 1.19kB done
#1 DONE 0.0s

#2 resolve image config for docker-image://docker.io/docker/dockerfile:1
#2 DONE 0.2s

#3 docker-image://docker.io/docker/dockerfile:1@sha256:4edf897a3ffa55b89f906fc8cc78afdb3f1834cc9c7083565e611a8a7d5fe99e
#3 resolve docker.io/docker/dockerfile:1@sha256:4edf897a3ffa55b89f906fc8cc78afdb3f1834cc9c7083565e611a8a7d5fe99e 0.0s done
#3 CACHED

#4 [internal] load metadata for docker.io/library/node:22-alpine
#4 DONE 0.2s

#5 [internal] load .dockerignore
#5 transferring context: 398B done
#5 DONE 0.0s

#6 [base 1/2] FROM docker.io/library/node:22-alpine@sha256:0a7108bf6c7bf5de370ffb1a3ed6be93d405b43ff159f681a8d18c0e2bc2e402
#6 resolve docker.io/library/node:22-alpine@sha256:0a7108bf6c7bf5de370ffb1a3ed6be93d405b43ff159f681a8d18c0e2bc2e402 done
#6 DONE 0.0s

#7 [base 2/2] WORKDIR /app
#7 CACHED

#8 [internal] load build context
#8 transferring context: 9.59kB done
#8 DONE 0.0s

#9 [deps 1/2] COPY package.json package-lock.json ./
#9 CACHED

#10 [runner 3/6] RUN addgroup -g 1001 -S nodejs   && adduser -S nextjs -u 1001 -G nodejs
#10 DONE 0.0s

#11 [deps 2/2] RUN npm ci
#11 14.46 
#11 14.46 added 351 packages, and audited 352 packages in 14s
#11 14.46 
#11 14.46 144 packages are looking for funding
#11 14.46   run `npm fund` for details
#11 14.50 
#11 14.50 9 vulnerabilities (8 high, 1 critical)
#11 14.50 
#11 14.50 To address issues that do not require attention, run:
#11 14.50   npm audit fix
#11 14.50 
#11 14.50 To address all issues (including breaking changes), run:
#11 14.50   npm audit fix --force
#11 14.50 
#11 14.50 Run `npm audit` for details.
#11 14.50 npm notice
#11 14.50 npm notice New major version of npm available! 10.9.9 -> 12.2.0
#11 14.50 npm notice Changelog: https://github.com/npm/cli/releases/tag/v12.2.0
#11 14.50 npm notice To update run: npm install -g npm@12.2.0
#11 14.50 npm notice
#11 DONE 15.1s

#12 [builder 1/3] COPY --from=deps /app/node_modules ./node_modules
#12 DONE 1.4s

#13 [builder 2/3] COPY . .
#13 DONE 0.1s

#14 [builder 3/3] RUN npm run build
#14 0.169 
#14 0.169 > bimspect-website@1.0.0 build
#14 0.169 > next build
#14 0.169 
#14 0.323 ▲ Next.js 16.3.1 (Turbopack)
#14 0.342 ✓ Running next.config.ts took 19ms
#14 0.350 
#14 0.365   Creating an optimized production build ...
#14 2.582 ✓ Compiled successfully in 2.1s
#14 2.587   Running TypeScript ...
#14 4.410   Finished TypeScript in 1825ms ...
#14 4.411   Collecting page data using 14 workers ...
#14 4.774   Generating static pages using 14 workers (0/17) ...
#14 4.822   Generating static pages using 14 workers (4/17) 
#14 4.898   Generating static pages using 14 workers (8/17) 
#14 4.912   Generating static pages using 14 workers (12/17) 
#14 4.913 ✓ Generating static pages using 14 workers (17/17) in 140ms
#14 4.916   Finalizing page optimization ...
#14 5.159 
#14 5.160 Route (app)
#14 5.160 ┌ ƒ /
#14 5.160 ├ ○ /_not-found
#14 5.160 ├ ƒ /api/campaign/leads
#14 5.160 ├ ƒ /api/campaign/visits
#14 5.160 ├ ƒ /api/marketing/unsubscribe
#14 5.160 ├ ƒ /api/marketing/unsubscribe/request
#14 5.160 ├ ƒ /api/payments/orders
#14 5.160 ├ ƒ /api/payments/webhook
#14 5.160 ├ ○ /apple-icon.png
#14 5.160 ├ ƒ /checkout
#14 5.160 ├ ƒ /checkout/mock/[orderId]
#14 5.160 ├ ƒ /fi
#14 5.160 ├ ○ /icon.png
#14 5.160 ├ ○ /manifest.webmanifest
#14 5.160 ├ ƒ /payment/cancelled
#14 5.160 ├ ƒ /payment/failed
#14 5.160 ├ ƒ /payment/success
#14 5.160 ├ ○ /pilot
#14 5.160 ├ ○ /robots.txt
#14 5.160 ├ ○ /sitemap.xml
#14 5.160 ├ ƒ /unsubscribe
#14 5.160 └ ○ /what-changed
#14 5.160 
#14 5.160 
#14 5.161 ○  (Static)   prerendered as static content
#14 5.161 ƒ  (Dynamic)  server-rendered on demand
#14 5.161 
#14 5.174 npm notice
#14 5.174 npm notice New major version of npm available! 10.9.9 -> 12.2.0
#14 5.174 npm notice Changelog: https://github.com/npm/cli/releases/tag/v12.2.0
#14 5.174 npm notice To update run: npm install -g npm@12.2.0
#14 5.174 npm notice
#14 DONE 5.3s

#15 [runner 4/6] COPY --from=builder /app/public ./public
#15 DONE 0.1s

#16 [runner 5/6] COPY --from=builder --chown=nextjs:nodejs /app/.next/standalone ./
#16 DONE 0.2s

#17 [runner 6/6] COPY --from=builder --chown=nextjs:nodejs /app/.next/static ./.next/static
#17 DONE 0.0s

#18 exporting to image
#18 exporting layers
#18 exporting layers 1.1s done
#18 exporting manifest sha256:c7f610554954b7eeda87236b4fccbf54e1286d1de9ff1ed0396fa779ebfbaaff done
#18 exporting config sha256:2456de2544c0b4e5d3d89fe0776d0e6269c473db5571679d2bebc2f8fbeb33b4 done
#18 exporting attestation manifest sha256:4f92c673e445636cd6cf9368e2937ad6115e4ec0e30752cc49ede9f5e75da2fe done
#18 exporting manifest list sha256:98becee2052f29874f5e1531d67b72f95c95d48f59ffa905e97de8227b65916a done
#18 naming to docker.io/library/bimspect-website:latest done
#18 unpacking to docker.io/library/bimspect-website:latest
#18 unpacking to docker.io/library/bimspect-website:latest 0.4s done
#18 DONE 1.5s
